// Jest Snapshot v1, https://goo.gl/fbAQLP

exports[`MyComponent In my test case should render correctly and save snapshots 1`] = `ShallowWrapper {}`;
